// Jest Snapshot v1, https://goo.gl/fbAQLP

exports[`should match snapshot 1`] = `
<DocumentFragment>
  <div
    class="Card"
  >
    <h4
      class="Card-title"
    >
      This is a test
    </h4>
    <img
      alt="This is a test"
      class="Card-image"
      src="source.jpg"
    />
    <small
      class="Card-small"
    >
      Image 1 of 2.
    </small>
  </div>
</DocumentFragment>
`;
